[KDownloading https://ultralytics.com/assets/Arial.ttf to '/tmp/Ultralytics/Arial.ttf': 100% ━━━━━━━━━━━━ 755.1KB 41.2MB/s 0.0s
{
  "complete": true,
  "epochs": [
    {
      "epoch": 0,
      "seconds": 156.7664747601375,
      "images": 5000,
      "batches": 1250,
      "images_per_second": 31.89457444680256,
      "cuda_peak_allocated_bytes": 1614308864,
      "cuda_peak_reserved_bytes": 2898264064,
      "loss_names": [
        "box_loss",
        "seg_loss",
        "cls_loss",
        "dfl_loss",
        "sem_loss"
      ]
    }
  ]
}
