[
  {
    "case": [
      640,
      1,
      4
    ],
    "legacy_ns": 13917.0,
    "masks_only_ns": 12729.0,
    "ratio": 1.0933301909026631
  },
  {
    "case": [
      640,
      100,
      4
    ],
    "legacy_ns": 1426062.5,
    "masks_only_ns": 1321938.0,
    "ratio": 1.0787665533481903
  },
  {
    "case": [
      640,
      500,
      4
    ],
    "legacy_ns": 7016187.0,
    "masks_only_ns": 6492729.5,
    "ratio": 1.0806221019988589
  },
  {
    "case": [
      1280,
      100,
      4
    ],
    "legacy_ns": 4831208.5,
    "masks_only_ns": 4445083.0,
    "ratio": 1.086865757062354
  },
  {
    "case": [
      640,
      100,
      1
    ],
    "legacy_ns": 2567250.0,
    "masks_only_ns": 970520.5,
    "ratio": 2.6452300595402156
  },
  {
    "case": [
      640,
      100,
      16
    ],
    "legacy_ns": 533354.5,
    "masks_only_ns": 520374.5,
    "ratio": 1.0249435742912076
  }
]
